
AVRASM ver. 2.1.30  C:\Users\Damodar Mahto\Desktop\Workshop\CVAVR\Calc2\Debug\List\calc2.asm Sat Sep 02 21:47:40 2017

                 
                 
                 ;CodeVisionAVR C Compiler V3.24 Evaluation
                 ;(C) Copyright 1998-2015 Pavel Haiduc, HP InfoTech s.r.l.
                 ;http://www.hpinfotech.com
                 
                 ;Build configuration    : Debug
                 ;Chip type              : ATmega8
                 ;Program type           : Application
                 ;Clock frequency        : 16.000000 MHz
                 ;Memory model           : Small
                 ;Optimize for           : Size
                 ;(s)printf features     : int, width
                 ;(s)scanf features      : int, width
                 ;External RAM size      : 0
                 ;Data Stack size        : 256 byte(s)
                 ;Heap size              : 0 byte(s)
                 ;Promote 'char' to 'int': Yes
                 ;'char' is unsigned     : Yes
                 ;8 bit enums            : Yes
                 ;Global 'const' stored in FLASH: Yes
                 ;Enhanced function parameter passing: Mode 2
                 ;Enhanced core instructions: On
                 ;Automatic register allocation for global variables: On
                 ;Smart register allocation: On
                 
                 	#define _MODEL_SMALL_
                 
                 	#pragma AVRPART ADMIN PART_NAME ATmega8
                 	#pragma AVRPART MEMORY PROG_FLASH 8192
                 	#pragma AVRPART MEMORY EEPROM 512
                 	#pragma AVRPART MEMORY INT_SRAM SIZE 1024
                 	#pragma AVRPART MEMORY INT_SRAM START_ADDR 0x60
                 
                 	.LISTMAC
                 	.EQU UDRE=0x5
                 	.EQU RXC=0x7
                 	.EQU USR=0xB
                 	.EQU UDR=0xC
                 	.EQU SPSR=0xE
                 	.EQU SPDR=0xF
                 	.EQU EERE=0x0
                 	.EQU EEWE=0x1
                 	.EQU EEMWE=0x2
                 	.EQU EECR=0x1C
                 	.EQU EEDR=0x1D
                 	.EQU EEARL=0x1E
                 	.EQU EEARH=0x1F
                 	.EQU WDTCR=0x21
                 	.EQU MCUCR=0x35
                 	.EQU GICR=0x3B
                 	.EQU SPL=0x3D
                 	.EQU SPH=0x3E
                 	.EQU SREG=0x3F
                 
                 	.DEF R0X0=R0
                 	.DEF R0X1=R1
                 	.DEF R0X2=R2
                 	.DEF R0X3=R3
                 	.DEF R0X4=R4
                 	.DEF R0X5=R5
                 	.DEF R0X6=R6
                 	.DEF R0X7=R7
                 	.DEF R0X8=R8
                 	.DEF R0X9=R9
                 	.DEF R0XA=R10
                 	.DEF R0XB=R11
                 	.DEF R0XC=R12
                 	.DEF R0XD=R13
                 	.DEF R0XE=R14
                 	.DEF R0XF=R15
                 	.DEF R0X10=R16
                 	.DEF R0X11=R17
                 	.DEF R0X12=R18
                 	.DEF R0X13=R19
                 	.DEF R0X14=R20
                 	.DEF R0X15=R21
                 	.DEF R0X16=R22
                 	.DEF R0X17=R23
                 	.DEF R0X18=R24
                 	.DEF R0X19=R25
                 	.DEF R0X1A=R26
                 	.DEF R0X1B=R27
                 	.DEF R0X1C=R28
                 	.DEF R0X1D=R29
                 	.DEF R0X1E=R30
                 	.DEF R0X1F=R31
                 
                 	.EQU __SRAM_START=0x0060
                 	.EQU __SRAM_END=0x045F
                 	.EQU __DSTACK_SIZE=0x0100
                 	.EQU __HEAP_SIZE=0x0000
                 	.EQU __CLEAR_SRAM_SIZE=__SRAM_END-__SRAM_START+1
                 
                 	.MACRO __CPD1N
                 	CPI  R30,LOW(@0)
                 	LDI  R26,HIGH(@0)
                 	CPC  R31,R26
                 	LDI  R26,BYTE3(@0)
                 	CPC  R22,R26
                 	LDI  R26,BYTE4(@0)
                 	CPC  R23,R26
                 	.ENDM
                 
                 	.MACRO __CPD2N
                 	CPI  R26,LOW(@0)
                 	LDI  R30,HIGH(@0)
                 	CPC  R27,R30
                 	LDI  R30,BYTE3(@0)
                 	CPC  R24,R30
                 	LDI  R30,BYTE4(@0)
                 	CPC  R25,R30
                 	.ENDM
                 
                 	.MACRO __CPWRR
                 	CP   R@0,R@2
                 	CPC  R@1,R@3
                 	.ENDM
                 
                 	.MACRO __CPWRN
                 	CPI  R@0,LOW(@2)
                 	LDI  R30,HIGH(@2)
                 	CPC  R@1,R30
                 	.ENDM
                 
                 	.MACRO __ADDB1MN
                 	SUBI R30,LOW(-@0-(@1))
                 	.ENDM
                 
                 	.MACRO __ADDB2MN
                 	SUBI R26,LOW(-@0-(@1))
                 	.ENDM
                 
                 	.MACRO __ADDW1MN
                 	SUBI R30,LOW(-@0-(@1))
                 	SBCI R31,HIGH(-@0-(@1))
                 	.ENDM
                 
                 	.MACRO __ADDW2MN
                 	SUBI R26,LOW(-@0-(@1))
                 	SBCI R27,HIGH(-@0-(@1))
                 	.ENDM
                 
                 	.MACRO __ADDW1FN
                 	SUBI R30,LOW(-2*@0-(@1))
                 	SBCI R31,HIGH(-2*@0-(@1))
                 	.ENDM
                 
                 	.MACRO __ADDD1FN
                 	SUBI R30,LOW(-2*@0-(@1))
                 	SBCI R31,HIGH(-2*@0-(@1))
                 	SBCI R22,BYTE3(-2*@0-(@1))
                 	.ENDM
                 
                 	.MACRO __ADDD1N
                 	SUBI R30,LOW(-@0)
                 	SBCI R31,HIGH(-@0)
                 	SBCI R22,BYTE3(-@0)
                 	SBCI R23,BYTE4(-@0)
                 	.ENDM
                 
                 	.MACRO __ADDD2N
                 	SUBI R26,LOW(-@0)
                 	SBCI R27,HIGH(-@0)
                 	SBCI R24,BYTE3(-@0)
                 	SBCI R25,BYTE4(-@0)
                 	.ENDM
                 
                 	.MACRO __SUBD1N
                 	SUBI R30,LOW(@0)
                 	SBCI R31,HIGH(@0)
                 	SBCI R22,BYTE3(@0)
                 	SBCI R23,BYTE4(@0)
                 	.ENDM
                 
                 	.MACRO __SUBD2N
                 	SUBI R26,LOW(@0)
                 	SBCI R27,HIGH(@0)
                 	SBCI R24,BYTE3(@0)
                 	SBCI R25,BYTE4(@0)
                 	.ENDM
                 
                 	.MACRO __ANDBMNN
                 	LDS  R30,@0+(@1)
                 	ANDI R30,LOW(@2)
                 	STS  @0+(@1),R30
                 	.ENDM
                 
                 	.MACRO __ANDWMNN
                 	LDS  R30,@0+(@1)
                 	ANDI R30,LOW(@2)
                 	STS  @0+(@1),R30
                 	LDS  R30,@0+(@1)+1
                 	ANDI R30,HIGH(@2)
                 	STS  @0+(@1)+1,R30
                 	.ENDM
                 
                 	.MACRO __ANDD1N
                 	ANDI R30,LOW(@0)
                 	ANDI R31,HIGH(@0)
                 	ANDI R22,BYTE3(@0)
                 	ANDI R23,BYTE4(@0)
                 	.ENDM
                 
                 	.MACRO __ANDD2N
                 	ANDI R26,LOW(@0)
                 	ANDI R27,HIGH(@0)
                 	ANDI R24,BYTE3(@0)
                 	ANDI R25,BYTE4(@0)
                 	.ENDM
                 
                 	.MACRO __ORBMNN
                 	LDS  R30,@0+(@1)
                 	ORI  R30,LOW(@2)
                 	STS  @0+(@1),R30
                 	.ENDM
                 
                 	.MACRO __ORWMNN
                 	LDS  R30,@0+(@1)
                 	ORI  R30,LOW(@2)
                 	STS  @0+(@1),R30
                 	LDS  R30,@0+(@1)+1
                 	ORI  R30,HIGH(@2)
                 	STS  @0+(@1)+1,R30
                 	.ENDM
                 
                 	.MACRO __ORD1N
                 	ORI  R30,LOW(@0)
                 	ORI  R31,HIGH(@0)
                 	ORI  R22,BYTE3(@0)
                 	ORI  R23,BYTE4(@0)
                 	.ENDM
                 
                 	.MACRO __ORD2N
                 	ORI  R26,LOW(@0)
                 	ORI  R27,HIGH(@0)
                 	ORI  R24,BYTE3(@0)
                 	ORI  R25,BYTE4(@0)
                 	.ENDM
                 
                 	.MACRO __DELAY_USB
                 	LDI  R24,LOW(@0)
                 __DELAY_USB_LOOP:
                 	DEC  R24
                 	BRNE __DELAY_USB_LOOP
                 	.ENDM
                 
                 	.MACRO __DELAY_USW
                 	LDI  R24,LOW(@0)
                 	LDI  R25,HIGH(@0)
                 __DELAY_USW_LOOP:
                 	SBIW R24,1
                 	BRNE __DELAY_USW_LOOP
                 	.ENDM
                 
                 	.MACRO __GETD1S
                 	LDD  R30,Y+@0
                 	LDD  R31,Y+@0+1
                 	LDD  R22,Y+@0+2
                 	LDD  R23,Y+@0+3
                 	.ENDM
                 
                 	.MACRO __GETD2S
                 	LDD  R26,Y+@0
                 	LDD  R27,Y+@0+1
                 	LDD  R24,Y+@0+2
                 	LDD  R25,Y+@0+3
                 	.ENDM
                 
                 	.MACRO __PUTD1S
                 	STD  Y+@0,R30
                 	STD  Y+@0+1,R31
                 	STD  Y+@0+2,R22
                 	STD  Y+@0+3,R23
                 	.ENDM
                 
                 	.MACRO __PUTD2S
                 	STD  Y+@0,R26
                 	STD  Y+@0+1,R27
                 	STD  Y+@0+2,R24
                 	STD  Y+@0+3,R25
                 	.ENDM
                 
                 	.MACRO __PUTDZ2
                 	STD  Z+@0,R26
                 	STD  Z+@0+1,R27
                 	STD  Z+@0+2,R24
                 	STD  Z+@0+3,R25
                 	.ENDM
                 
                 	.MACRO __CLRD1S
                 	STD  Y+@0,R30
                 	STD  Y+@0+1,R30
                 	STD  Y+@0+2,R30
                 	STD  Y+@0+3,R30
                 	.ENDM
                 
                 	.MACRO __POINTB1MN
                 	LDI  R30,LOW(@0+(@1))
                 	.ENDM
                 
                 	.MACRO __POINTW1MN
                 	LDI  R30,LOW(@0+(@1))
                 	LDI  R31,HIGH(@0+(@1))
                 	.ENDM
                 
                 	.MACRO __POINTD1M
                 	LDI  R30,LOW(@0)
                 	LDI  R31,HIGH(@0)
                 	LDI  R22,BYTE3(@0)
                 	LDI  R23,BYTE4(@0)
                 	.ENDM
                 
                 	.MACRO __POINTW1FN
                 	LDI  R30,LOW(2*@0+(@1))
                 	LDI  R31,HIGH(2*@0+(@1))
                 	.ENDM
                 
                 	.MACRO __POINTD1FN
                 	LDI  R30,LOW(2*@0+(@1))
                 	LDI  R31,HIGH(2*@0+(@1))
                 	LDI  R22,BYTE3(2*@0+(@1))
                 	LDI  R23,BYTE4(2*@0+(@1))
                 	.ENDM
                 
                 	.MACRO __POINTB2MN
                 	LDI  R26,LOW(@0+(@1))
                 	.ENDM
                 
                 	.MACRO __POINTW2MN
                 	LDI  R26,LOW(@0+(@1))
                 	LDI  R27,HIGH(@0+(@1))
                 	.ENDM
                 
                 	.MACRO __POINTD2M
                 	LDI  R26,LOW(@0)
                 	LDI  R27,HIGH(@0)
                 	LDI  R24,BYTE3(@0)
                 	LDI  R25,BYTE4(@0)
                 	.ENDM
                 
                 	.MACRO __POINTW2FN
                 	LDI  R26,LOW(2*@0+(@1))
                 	LDI  R27,HIGH(2*@0+(@1))
                 	.ENDM
                 
                 	.MACRO __POINTD2FN
                 	LDI  R26,LOW(2*@0+(@1))
                 	LDI  R27,HIGH(2*@0+(@1))
                 	LDI  R24,BYTE3(2*@0+(@1))
                 	LDI  R25,BYTE4(2*@0+(@1))
                 	.ENDM
                 
                 	.MACRO __POINTBRM
                 	LDI  R@0,LOW(@1)
                 	.ENDM
                 
                 	.MACRO __POINTWRM
                 	LDI  R@0,LOW(@2)
                 	LDI  R@1,HIGH(@2)
                 	.ENDM
                 
                 	.MACRO __POINTBRMN
                 	LDI  R@0,LOW(@1+(@2))
                 	.ENDM
                 
                 	.MACRO __POINTWRMN
                 	LDI  R@0,LOW(@2+(@3))
                 	LDI  R@1,HIGH(@2+(@3))
                 	.ENDM
                 
                 	.MACRO __POINTWRFN
                 	LDI  R@0,LOW(@2*2+(@3))
                 	LDI  R@1,HIGH(@2*2+(@3))
                 	.ENDM
                 
                 	.MACRO __GETD1N
                 	LDI  R30,LOW(@0)
                 	LDI  R31,HIGH(@0)
                 	LDI  R22,BYTE3(@0)
                 	LDI  R23,BYTE4(@0)
                 	.ENDM
                 
                 	.MACRO __GETD2N
                 	LDI  R26,LOW(@0)
                 	LDI  R27,HIGH(@0)
                 	LDI  R24,BYTE3(@0)
                 	LDI  R25,BYTE4(@0)
                 	.ENDM
                 
                 	.MACRO __GETB1MN
                 	LDS  R30,@0+(@1)
                 	.ENDM
                 
                 	.MACRO __GETB1HMN
                 	LDS  R31,@0+(@1)
                 	.ENDM
                 
                 	.MACRO __GETW1MN
                 	LDS  R30,@0+(@1)
                 	LDS  R31,@0+(@1)+1
                 	.ENDM
                 
                 	.MACRO __GETD1MN
                 	LDS  R30,@0+(@1)
                 	LDS  R31,@0+(@1)+1
                 	LDS  R22,@0+(@1)+2
                 	LDS  R23,@0+(@1)+3
                 	.ENDM
                 
                 	.MACRO __GETBRMN
                 	LDS  R@0,@1+(@2)
                 	.ENDM
                 
                 	.MACRO __GETWRMN
                 	LDS  R@0,@2+(@3)
                 	LDS  R@1,@2+(@3)+1
                 	.ENDM
                 
                 	.MACRO __GETWRZ
                 	LDD  R@0,Z+@2
                 	LDD  R@1,Z+@2+1
                 	.ENDM
                 
                 	.MACRO __GETD2Z
                 	LDD  R26,Z+@0
                 	LDD  R27,Z+@0+1
                 	LDD  R24,Z+@0+2
                 	LDD  R25,Z+@0+3
                 	.ENDM
                 
                 	.MACRO __GETB2MN
                 	LDS  R26,@0+(@1)
                 	.ENDM
                 
                 	.MACRO __GETW2MN
                 	LDS  R26,@0+(@1)
                 	LDS  R27,@0+(@1)+1
                 	.ENDM
                 
                 	.MACRO __GETD2MN
                 	LDS  R26,@0+(@1)
                 	LDS  R27,@0+(@1)+1
                 	LDS  R24,@0+(@1)+2
                 	LDS  R25,@0+(@1)+3
                 	.ENDM
                 
                 	.MACRO __PUTB1MN
                 	STS  @0+(@1),R30
                 	.ENDM
                 
                 	.MACRO __PUTW1MN
                 	STS  @0+(@1),R30
                 	STS  @0+(@1)+1,R31
                 	.ENDM
                 
                 	.MACRO __PUTD1MN
                 	STS  @0+(@1),R30
                 	STS  @0+(@1)+1,R31
                 	STS  @0+(@1)+2,R22
                 	STS  @0+(@1)+3,R23
                 	.ENDM
                 
                 	.MACRO __PUTB1EN
                 	LDI  R26,LOW(@0+(@1))
                 	LDI  R27,HIGH(@0+(@1))
                 	RCALL __EEPROMWRB
                 	.ENDM
                 
                 	.MACRO __PUTW1EN
                 	LDI  R26,LOW(@0+(@1))
                 	LDI  R27,HIGH(@0+(@1))
                 	RCALL __EEPROMWRW
                 	.ENDM
                 
                 	.MACRO __PUTD1EN
                 	LDI  R26,LOW(@0+(@1))
                 	LDI  R27,HIGH(@0+(@1))
                 	RCALL __EEPROMWRD
                 	.ENDM
                 
                 	.MACRO __PUTBR0MN
                 	STS  @0+(@1),R0
                 	.ENDM
                 
                 	.MACRO __PUTBMRN
                 	STS  @0+(@1),R@2
                 	.ENDM
                 
                 	.MACRO __PUTWMRN
                 	STS  @0+(@1),R@2
                 	STS  @0+(@1)+1,R@3
                 	.ENDM
                 
                 	.MACRO __PUTBZR
                 	STD  Z+@1,R@0
                 	.ENDM
                 
                 	.MACRO __PUTWZR
                 	STD  Z+@2,R@0
                 	STD  Z+@2+1,R@1
                 	.ENDM
                 
                 	.MACRO __GETW1R
                 	MOV  R30,R@0
                 	MOV  R31,R@1
                 	.ENDM
                 
                 	.MACRO __GETW2R
                 	MOV  R26,R@0
                 	MOV  R27,R@1
                 	.ENDM
                 
                 	.MACRO __GETWRN
                 	LDI  R@0,LOW(@2)
                 	LDI  R@1,HIGH(@2)
                 	.ENDM
                 
                 	.MACRO __PUTW1R
                 	MOV  R@0,R30
                 	MOV  R@1,R31
                 	.ENDM
                 
                 	.MACRO __PUTW2R
                 	MOV  R@0,R26
                 	MOV  R@1,R27
                 	.ENDM
                 
                 	.MACRO __ADDWRN
                 	SUBI R@0,LOW(-@2)
                 	SBCI R@1,HIGH(-@2)
                 	.ENDM
                 
                 	.MACRO __ADDWRR
                 	ADD  R@0,R@2
                 	ADC  R@1,R@3
                 	.ENDM
                 
                 	.MACRO __SUBWRN
                 	SUBI R@0,LOW(@2)
                 	SBCI R@1,HIGH(@2)
                 	.ENDM
                 
                 	.MACRO __SUBWRR
                 	SUB  R@0,R@2
                 	SBC  R@1,R@3
                 	.ENDM
                 
                 	.MACRO __ANDWRN
                 	ANDI R@0,LOW(@2)
                 	ANDI R@1,HIGH(@2)
                 	.ENDM
                 
                 	.MACRO __ANDWRR
                 	AND  R@0,R@2
                 	AND  R@1,R@3
                 	.ENDM
                 
                 	.MACRO __ORWRN
                 	ORI  R@0,LOW(@2)
                 	ORI  R@1,HIGH(@2)
                 	.ENDM
                 
                 	.MACRO __ORWRR
                 	OR   R@0,R@2
                 	OR   R@1,R@3
                 	.ENDM
                 
                 	.MACRO __EORWRR
                 	EOR  R@0,R@2
                 	EOR  R@1,R@3
                 	.ENDM
                 
                 	.MACRO __GETWRS
                 	LDD  R@0,Y+@2
                 	LDD  R@1,Y+@2+1
                 	.ENDM
                 
                 	.MACRO __PUTBSR
                 	STD  Y+@1,R@0
                 	.ENDM
                 
                 	.MACRO __PUTWSR
                 	STD  Y+@2,R@0
                 	STD  Y+@2+1,R@1
                 	.ENDM
                 
                 	.MACRO __MOVEWRR
                 	MOV  R@0,R@2
                 	MOV  R@1,R@3
                 	.ENDM
                 
                 	.MACRO __INWR
                 	IN   R@0,@2
                 	IN   R@1,@2+1
                 	.ENDM
                 
                 	.MACRO __OUTWR
                 	OUT  @2+1,R@1
                 	OUT  @2,R@0
                 	.ENDM
                 
                 	.MACRO __CALL1MN
                 	LDS  R30,@0+(@1)
                 	LDS  R31,@0+(@1)+1
                 	ICALL
                 	.ENDM
                 
                 	.MACRO __CALL1FN
                 	LDI  R30,LOW(2*@0+(@1))
                 	LDI  R31,HIGH(2*@0+(@1))
                 	RCALL __GETW1PF
                 	ICALL
                 	.ENDM
                 
                 	.MACRO __CALL2EN
                 	PUSH R26
                 	PUSH R27
                 	LDI  R26,LOW(@0+(@1))
                 	LDI  R27,HIGH(@0+(@1))
                 	RCALL __EEPROMRDW
                 	POP  R27
                 	POP  R26
                 	ICALL
                 	.ENDM
                 
                 	.MACRO __CALL2EX
                 	SUBI R26,LOW(-@0)
                 	SBCI R27,HIGH(-@0)
                 	RCALL __EEPROMRDD
                 	ICALL
                 	.ENDM
                 
                 	.MACRO __GETW1STACK
                 	IN   R30,SPL
                 	IN   R31,SPH
                 	ADIW R30,@0+1
                 	LD   R0,Z+
                 	LD   R31,Z
                 	MOV  R30,R0
                 	.ENDM
                 
                 	.MACRO __GETD1STACK
                 	IN   R30,SPL
                 	IN   R31,SPH
                 	ADIW R30,@0+1
                 	LD   R0,Z+
                 	LD   R1,Z+
                 	LD   R22,Z
                 	MOVW R30,R0
                 	.ENDM
                 
                 	.MACRO __NBST
                 	BST  R@0,@1
                 	IN   R30,SREG
                 	LDI  R31,0x40
                 	EOR  R30,R31
                 	OUT  SREG,R30
                 	.ENDM
                 
                 
                 	.MACRO __PUTB1SN
                 	LDD  R26,Y+@0
                 	LDD  R27,Y+@0+1
                 	SUBI R26,LOW(-@1)
                 	SBCI R27,HIGH(-@1)
                 	ST   X,R30
                 	.ENDM
                 
                 	.MACRO __PUTW1SN
                 	LDD  R26,Y+@0
                 	LDD  R27,Y+@0+1
                 	SUBI R26,LOW(-@1)
                 	SBCI R27,HIGH(-@1)
                 	ST   X+,R30
                 	ST   X,R31
                 	.ENDM
                 
                 	.MACRO __PUTD1SN
                 	LDD  R26,Y+@0
                 	LDD  R27,Y+@0+1
                 	SUBI R26,LOW(-@1)
                 	SBCI R27,HIGH(-@1)
                 	RCALL __PUTDP1
                 	.ENDM
                 
                 	.MACRO __PUTB1SNS
                 	LDD  R26,Y+@0
                 	LDD  R27,Y+@0+1
                 	ADIW R26,@1
                 	ST   X,R30
                 	.ENDM
                 
                 	.MACRO __PUTW1SNS
                 	LDD  R26,Y+@0
                 	LDD  R27,Y+@0+1
                 	ADIW R26,@1
                 	ST   X+,R30
                 	ST   X,R31
                 	.ENDM
                 
                 	.MACRO __PUTD1SNS
                 	LDD  R26,Y+@0
                 	LDD  R27,Y+@0+1
                 	ADIW R26,@1
                 	RCALL __PUTDP1
                 	.ENDM
                 
                 	.MACRO __PUTB1PMN
                 	LDS  R26,@0
                 	LDS  R27,@0+1
                 	SUBI R26,LOW(-@1)
                 	SBCI R27,HIGH(-@1)
                 	ST   X,R30
                 	.ENDM
                 
                 	.MACRO __PUTW1PMN
                 	LDS  R26,@0
                 	LDS  R27,@0+1
                 	SUBI R26,LOW(-@1)
                 	SBCI R27,HIGH(-@1)
                 	ST   X+,R30
                 	ST   X,R31
                 	.ENDM
                 
                 	.MACRO __PUTD1PMN
                 	LDS  R26,@0
                 	LDS  R27,@0+1
                 	SUBI R26,LOW(-@1)
                 	SBCI R27,HIGH(-@1)
                 	RCALL __PUTDP1
                 	.ENDM
                 
                 	.MACRO __PUTB1PMNS
                 	LDS  R26,@0
                 	LDS  R27,@0+1
                 	ADIW R26,@1
                 	ST   X,R30
                 	.ENDM
                 
                 	.MACRO __PUTW1PMNS
                 	LDS  R26,@0
                 	LDS  R27,@0+1
                 	ADIW R26,@1
                 	ST   X+,R30
                 	ST   X,R31
                 	.ENDM
                 
                 	.MACRO __PUTD1PMNS
                 	LDS  R26,@0
                 	LDS  R27,@0+1
                 	ADIW R26,@1
                 	RCALL __PUTDP1
                 	.ENDM
                 
                 	.MACRO __PUTB1RN
                 	MOVW R26,R@0
                 	SUBI R26,LOW(-@1)
                 	SBCI R27,HIGH(-@1)
                 	ST   X,R30
                 	.ENDM
                 
                 	.MACRO __PUTW1RN
                 	MOVW R26,R@0
                 	SUBI R26,LOW(-@1)
                 	SBCI R27,HIGH(-@1)
                 	ST   X+,R30
                 	ST   X,R31
                 	.ENDM
                 
                 	.MACRO __PUTD1RN
                 	MOVW R26,R@0
                 	SUBI R26,LOW(-@1)
                 	SBCI R27,HIGH(-@1)
                 	RCALL __PUTDP1
                 	.ENDM
                 
                 	.MACRO __PUTB1RNS
                 	MOVW R26,R@0
                 	ADIW R26,@1
                 	ST   X,R30
                 	.ENDM
                 
                 	.MACRO __PUTW1RNS
                 	MOVW R26,R@0
                 	ADIW R26,@1
                 	ST   X+,R30
                 	ST   X,R31
                 	.ENDM
                 
                 	.MACRO __PUTD1RNS
                 	MOVW R26,R@0
                 	ADIW R26,@1
                 	RCALL __PUTDP1
                 	.ENDM
                 
                 	.MACRO __PUTB1RON
                 	MOV  R26,R@0
                 	MOV  R27,R@1
                 	SUBI R26,LOW(-@2)
                 	SBCI R27,HIGH(-@2)
                 	ST   X,R30
                 	.ENDM
                 
                 	.MACRO __PUTW1RON
                 	MOV  R26,R@0
                 	MOV  R27,R@1
                 	SUBI R26,LOW(-@2)
                 	SBCI R27,HIGH(-@2)
                 	ST   X+,R30
                 	ST   X,R31
                 	.ENDM
                 
                 	.MACRO __PUTD1RON
                 	MOV  R26,R@0
                 	MOV  R27,R@1
                 	SUBI R26,LOW(-@2)
                 	SBCI R27,HIGH(-@2)
                 	RCALL __PUTDP1
                 	.ENDM
                 
                 	.MACRO __PUTB1RONS
                 	MOV  R26,R@0
                 	MOV  R27,R@1
                 	ADIW R26,@2
                 	ST   X,R30
                 	.ENDM
                 
                 	.MACRO __PUTW1RONS
                 	MOV  R26,R@0
                 	MOV  R27,R@1
                 	ADIW R26,@2
                 	ST   X+,R30
                 	ST   X,R31
                 	.ENDM
                 
                 	.MACRO __PUTD1RONS
                 	MOV  R26,R@0
                 	MOV  R27,R@1
                 	ADIW R26,@2
                 	RCALL __PUTDP1
                 	.ENDM
                 
                 
                 	.MACRO __GETB1SX
                 	MOVW R30,R28
                 	SUBI R30,LOW(-@0)
                 	SBCI R31,HIGH(-@0)
                 	LD   R30,Z
                 	.ENDM
                 
                 	.MACRO __GETB1HSX
                 	MOVW R30,R28
                 	SUBI R30,LOW(-@0)
                 	SBCI R31,HIGH(-@0)
                 	LD   R31,Z
                 	.ENDM
                 
                 	.MACRO __GETW1SX
                 	MOVW R30,R28
                 	SUBI R30,LOW(-@0)
                 	SBCI R31,HIGH(-@0)
                 	LD   R0,Z+
                 	LD   R31,Z
                 	MOV  R30,R0
                 	.ENDM
                 
                 	.MACRO __GETD1SX
                 	MOVW R30,R28
                 	SUBI R30,LOW(-@0)
                 	SBCI R31,HIGH(-@0)
                 	LD   R0,Z+
                 	LD   R1,Z+
                 	LD   R22,Z+
                 	LD   R23,Z
                 	MOVW R30,R0
                 	.ENDM
                 
                 	.MACRO __GETB2SX
                 	MOVW R26,R28
                 	SUBI R26,LOW(-@0)
                 	SBCI R27,HIGH(-@0)
                 	LD   R26,X
                 	.ENDM
                 
                 	.MACRO __GETW2SX
                 	MOVW R26,R28
                 	SUBI R26,LOW(-@0)
                 	SBCI R27,HIGH(-@0)
                 	LD   R0,X+
                 	LD   R27,X
                 	MOV  R26,R0
                 	.ENDM
                 
                 	.MACRO __GETD2SX
                 	MOVW R26,R28
                 	SUBI R26,LOW(-@0)
                 	SBCI R27,HIGH(-@0)
                 	LD   R0,X+
                 	LD   R1,X+
                 	LD   R24,X+
                 	LD   R25,X
                 	MOVW R26,R0
                 	.ENDM
                 
                 	.MACRO __GETBRSX
                 	MOVW R30,R28
                 	SUBI R30,LOW(-@1)
                 	SBCI R31,HIGH(-@1)
                 	LD   R@0,Z
                 	.ENDM
                 
                 	.MACRO __GETWRSX
                 	MOVW R30,R28
                 	SUBI R30,LOW(-@2)
                 	SBCI R31,HIGH(-@2)
                 	LD   R@0,Z+
                 	LD   R@1,Z
                 	.ENDM
                 
                 	.MACRO __GETBRSX2
                 	MOVW R26,R28
                 	SUBI R26,LOW(-@1)
                 	SBCI R27,HIGH(-@1)
                 	LD   R@0,X
                 	.ENDM
                 
                 	.MACRO __GETWRSX2
                 	MOVW R26,R28
                 	SUBI R26,LOW(-@2)
                 	SBCI R27,HIGH(-@2)
                 	LD   R@0,X+
                 	LD   R@1,X
                 	.ENDM
                 
                 	.MACRO __LSLW8SX
                 	MOVW R30,R28
                 	SUBI R30,LOW(-@0)
                 	SBCI R31,HIGH(-@0)
                 	LD   R31,Z
                 	CLR  R30
                 	.ENDM
                 
                 	.MACRO __PUTB1SX
                 	MOVW R26,R28
                 	SUBI R26,LOW(-@0)
                 	SBCI R27,HIGH(-@0)
                 	ST   X,R30
                 	.ENDM
                 
                 	.MACRO __PUTW1SX
                 	MOVW R26,R28
                 	SUBI R26,LOW(-@0)
                 	SBCI R27,HIGH(-@0)
                 	ST   X+,R30
                 	ST   X,R31
                 	.ENDM
                 
                 	.MACRO __PUTD1SX
                 	MOVW R26,R28
                 	SUBI R26,LOW(-@0)
                 	SBCI R27,HIGH(-@0)
                 	ST   X+,R30
                 	ST   X+,R31
                 	ST   X+,R22
                 	ST   X,R23
                 	.ENDM
                 
                 	.MACRO __CLRW1SX
                 	MOVW R26,R28
                 	SUBI R26,LOW(-@0)
                 	SBCI R27,HIGH(-@0)
                 	ST   X+,R30
                 	ST   X,R30
                 	.ENDM
                 
                 	.MACRO __CLRD1SX
                 	MOVW R26,R28
                 	SUBI R26,LOW(-@0)
                 	SBCI R27,HIGH(-@0)
                 	ST   X+,R30
                 	ST   X+,R30
                 	ST   X+,R30
                 	ST   X,R30
                 	.ENDM
                 
                 	.MACRO __PUTB2SX
                 	MOVW R30,R28
                 	SUBI R30,LOW(-@0)
                 	SBCI R31,HIGH(-@0)
                 	ST   Z,R26
                 	.ENDM
                 
                 	.MACRO __PUTW2SX
                 	MOVW R30,R28
                 	SUBI R30,LOW(-@0)
                 	SBCI R31,HIGH(-@0)
                 	ST   Z+,R26
                 	ST   Z,R27
                 	.ENDM
                 
                 	.MACRO __PUTD2SX
                 	MOVW R30,R28
                 	SUBI R30,LOW(-@0)
                 	SBCI R31,HIGH(-@0)
                 	ST   Z+,R26
                 	ST   Z+,R27
                 	ST   Z+,R24
                 	ST   Z,R25
                 	.ENDM
                 
                 	.MACRO __PUTBSRX
                 	MOVW R30,R28
                 	SUBI R30,LOW(-@1)
                 	SBCI R31,HIGH(-@1)
                 	ST   Z,R@0
                 	.ENDM
                 
                 	.MACRO __PUTWSRX
                 	MOVW R30,R28
                 	SUBI R30,LOW(-@2)
                 	SBCI R31,HIGH(-@2)
                 	ST   Z+,R@0
                 	ST   Z,R@1
                 	.ENDM
                 
                 	.MACRO __PUTB1SNX
                 	MOVW R26,R28
                 	SUBI R26,LOW(-@0)
                 	SBCI R27,HIGH(-@0)
                 	LD   R0,X+
                 	LD   R27,X
                 	MOV  R26,R0
                 	SUBI R26,LOW(-@1)
                 	SBCI R27,HIGH(-@1)
                 	ST   X,R30
                 	.ENDM
                 
                 	.MACRO __PUTW1SNX
                 	MOVW R26,R28
                 	SUBI R26,LOW(-@0)
                 	SBCI R27,HIGH(-@0)
                 	LD   R0,X+
                 	LD   R27,X
                 	MOV  R26,R0
                 	SUBI R26,LOW(-@1)
                 	SBCI R27,HIGH(-@1)
                 	ST   X+,R30
                 	ST   X,R31
                 	.ENDM
                 
                 	.MACRO __PUTD1SNX
                 	MOVW R26,R28
                 	SUBI R26,LOW(-@0)
                 	SBCI R27,HIGH(-@0)
                 	LD   R0,X+
                 	LD   R27,X
                 	MOV  R26,R0
                 	SUBI R26,LOW(-@1)
                 	SBCI R27,HIGH(-@1)
                 	ST   X+,R30
                 	ST   X+,R31
                 	ST   X+,R22
                 	ST   X,R23
                 	.ENDM
                 
                 	.MACRO __MULBRR
                 	MULS R@0,R@1
                 	MOVW R30,R0
                 	.ENDM
                 
                 	.MACRO __MULBRRU
                 	MUL  R@0,R@1
                 	MOVW R30,R0
                 	.ENDM
                 
                 	.MACRO __MULBRR0
                 	MULS R@0,R@1
                 	.ENDM
                 
                 	.MACRO __MULBRRU0
                 	MUL  R@0,R@1
                 	.ENDM
                 
                 	.MACRO __MULBNWRU
                 	LDI  R26,@2
                 	MUL  R26,R@0
                 	MOVW R30,R0
                 	MUL  R26,R@1
                 	ADD  R31,R0
                 	.ENDM
                 
                 	.CSEG
                 	.ORG 0x00
                 
                 ;START OF CODE MARKER
                 __START_OF_CODE:
                 
                 ;INTERRUPT VECTORS
000000 c036      	RJMP __RESET
000001 cffe      	RJMP 0x00
000002 cffd      	RJMP 0x00
000003 cffc      	RJMP 0x00
000004 cffb      	RJMP 0x00
000005 cffa      	RJMP 0x00
000006 cff9      	RJMP 0x00
000007 cff8      	RJMP 0x00
000008 cff7      	RJMP 0x00
000009 cff6      	RJMP 0x00
00000a cff5      	RJMP 0x00
00000b cff4      	RJMP 0x00
00000c cff3      	RJMP 0x00
00000d cff2      	RJMP 0x00
00000e cff1      	RJMP 0x00
00000f cff0      	RJMP 0x00
000010 cfef      	RJMP 0x00
000011 cfee      	RJMP 0x00
000012 cfed      	RJMP 0x00
                 
                 _0x0:
000013 4557
000014 434c
000015 4d4f
000016 2045      	.DB  0x57,0x45,0x4C,0x43,0x4F,0x4D,0x45,0x20
000017 4f54
000018 4500
000019 524d
00001a 4320      	.DB  0x54,0x4F,0x0,0x45,0x4D,0x52,0x20,0x43
00001b 554c
00001c 0042
00001d 6e49
00001e 6176      	.DB  0x4C,0x55,0x42,0x0,0x49,0x6E,0x76,0x61
00001f 696c
000020 2064
000021 6e49
000022 7570      	.DB  0x6C,0x69,0x64,0x20,0x49,0x6E,0x70,0x75
000023 0074      	.DB  0x74,0x0
                 _0x2020060:
C:\Users\Damodar Mahto\Desktop\Workshop\CVAVR\Calc2\Debug\List\calc2.asm(1126): warning: .cseg .db misalignment - padding zero byte
000024 0001      	.DB  0x1
                 _0x2020000:
000025 4e2d
000026 4e41
000027 4900
000028 464e      	.DB  0x2D,0x4E,0x41,0x4E,0x0,0x49,0x4E,0x46
C:\Users\Damodar Mahto\Desktop\Workshop\CVAVR\Calc2\Debug\List\calc2.asm(1129): warning: .cseg .db misalignment - padding zero byte
000029 0000      	.DB  0x0
                 
                 __GLOBAL_INI_TBL:
00002a 000b      	.DW  0x0B
00002b 0160      	.DW  _0x8B
00002c 0026      	.DW  _0x0*2
                 
00002d 0009      	.DW  0x09
00002e 016b      	.DW  _0x8B+11
00002f 0031      	.DW  _0x0*2+11
                 
000030 000e      	.DW  0x0E
000031 0174      	.DW  _0x95
000032 003a      	.DW  _0x0*2+20
                 
000033 0001      	.DW  0x01
000034 0182      	.DW  __seed_G101
000035 0048      	.DW  _0x2020060*2
                 
                 _0xFFFFFFFF:
000036 0000      	.DW  0
                 
                 #define __GLOBAL_INI_TBL_PRESENT 1
                 
                 __RESET:
000037 94f8      	CLI
000038 27ee      	CLR  R30
000039 bbec      	OUT  EECR,R30
                 
                 ;INTERRUPT VECTORS ARE PLACED
                 ;AT THE START OF FLASH
00003a e0f1      	LDI  R31,1
00003b bffb      	OUT  GICR,R31
00003c bfeb      	OUT  GICR,R30
00003d bfe5      	OUT  MCUCR,R30
                 
                 ;CLEAR R2-R14
00003e e08d      	LDI  R24,(14-2)+1
00003f e0a2      	LDI  R26,2
000040 27bb      	CLR  R27
                 __CLEAR_REG:
000041 93ed      	ST   X+,R30
000042 958a      	DEC  R24
000043 f7e9      	BRNE __CLEAR_REG
                 
                 ;CLEAR SRAM
000044 e080      	LDI  R24,LOW(__CLEAR_SRAM_SIZE)
000045 e094      	LDI  R25,HIGH(__CLEAR_SRAM_SIZE)
000046 e6a0      	LDI  R26,__SRAM_START
                 __CLEAR_SRAM:
000047 93ed      	ST   X+,R30
000048 9701      	SBIW R24,1
000049 f7e9      	BRNE __CLEAR_SRAM
                 
                 ;GLOBAL VARIABLES INITIALIZATION
00004a e5e4      	LDI  R30,LOW(__GLOBAL_INI_TBL*2)
00004b e0f0      	LDI  R31,HIGH(__GLOBAL_INI_TBL*2)
                 __GLOBAL_INI_NEXT:
00004c 9185      	LPM  R24,Z+
00004d 9195      	LPM  R25,Z+
00004e 9700      	SBIW R24,0
00004f f061      	BREQ __GLOBAL_INI_END
000050 91a5      	LPM  R26,Z+
000051 91b5      	LPM  R27,Z+
000052 9005      	LPM  R0,Z+
000053 9015      	LPM  R1,Z+
000054 01bf      	MOVW R22,R30
000055 01f0      	MOVW R30,R0
                 __GLOBAL_INI_LOOP:
000056 9005      	LPM  R0,Z+
000057 920d      	ST   X+,R0
000058 9701      	SBIW R24,1
000059 f7e1      	BRNE __GLOBAL_INI_LOOP
00005a 01fb      	MOVW R30,R22
00005b cff0      	RJMP __GLOBAL_INI_NEXT
                 __GLOBAL_INI_END:
                 
                 ;HARDWARE STACK POINTER INITIALIZATION
00005c e5ef      	LDI  R30,LOW(__SRAM_END-__HEAP_SIZE)
00005d bfed      	OUT  SPL,R30
00005e e0e4      	LDI  R30,HIGH(__SRAM_END-__HEAP_SIZE)
00005f bfee      	OUT  SPH,R30
                 
                 ;DATA STACK POINTER INITIALIZATION
000060 e6c0      	LDI  R28,LOW(__SRAM_START+__DSTACK_SIZE)
000061 e0d1      	LDI  R29,HIGH(__SRAM_START+__DSTACK_SIZE)
                 
000062 c123      	RJMP _main
                 
                 	.ESEG
                 	.ORG 0
                 
                 	.DSEG
                 	.ORG 0x160
                 
                 	.CSEG
                 ;/*******************************************************
                 ;This program was created by the CodeWizardAVR V3.24
                 ;Automatic Program Generator
                 ;© Copyright 1998-2015 Pavel Haiduc, HP InfoTech s.r.l.
                 ;http://www.hpinfotech.com
                 ;
                 ;Project : To design a calulator using a microcontroller, lcd and keypad.
                 ;Version :
                 ;Date    : 02-09-2017
                 ;Author  : Damodar Mahto
                 ;Company : NIT Kurukshetra
                 ;Comments:
                 ;************************ Header files and Macros *******************************/
                 ;
                 ;#include <io.h>
                 	#ifndef __SLEEP_DEFINED__
                 	#define __SLEEP_DEFINED__
                 	.EQU __se_bit=0x80
                 	.EQU __sm_mask=0x70
                 	.EQU __sm_powerdown=0x20
                 	.EQU __sm_powersave=0x30
                 	.EQU __sm_standby=0x60
                 	.EQU __sm_ext_standby=0x70
                 	.EQU __sm_adc_noise_red=0x10
                 	.SET power_ctrl_reg=mcucr
                 	#endif
                 ;#include <delay.h>
                 ;#include <mega8.h>
                 ;#include <math.h>
                 ;#define F_XTAL 12000000L
                 ;
                 ;#define E PORTC.0           //enable pin of LCD
                 ;#define RS PORTC.1          //Register Select pin of LCD
                 ;
                 ;#define RowA PORTD.0        //to send the data to keypad
                 ;#define RowB PORTD.1
                 ;#define RowC PORTD.2
                 ;#define RowD PORTD.3
                 ;
                 ;#define Col1 PIND.4        //to receive the data from keypad
                 ;#define Col2 PIND.5
                 ;#define Col3 PIND.6
                 ;#define Col4 PIND.7
                 ;/**************************** Global variables *****************************/
                 ;
                 ;
                 ;/**************************** LCD functions *****************************/
                 ;
                 ;void lcd_cmd(char a)
                 ; 0000 0027 {
                 
                 	.CSEG
                 _lcd_cmd:
                 ; .FSTART _lcd_cmd
                 ; 0000 0028     E=1;
000063 931a      	ST   -Y,R17
000064 2f1a      	MOV  R17,R26
                 ;	a -> R17
000065 9aa8      	SBI  0x15,0
                 ; 0000 0029     RS=0;
000066 98a9      	CBI  0x15,1
                 ; 0000 002A     PORTB=a;
000067 d15e      	RCALL SUBOPT_0x0
                 ; 0000 002B     delay_ms(5);
                 ; 0000 002C     E=0;
                 ; 0000 002D     delay_ms(5);
                 ; 0000 002E }
000068 c0d0      	RJMP _0x2080001
                 ; .FEND
                 ;
                 ;void lcd_data(char b)
                 ; 0000 0031 {
                 _lcd_data:
                 ; .FSTART _lcd_data
                 ; 0000 0032     E=1;
000069 d164      	RCALL SUBOPT_0x1
                 ;	b -> R17
00006a 9aa8      	SBI  0x15,0
                 ; 0000 0033     RS=1;
00006b 9aa9      	SBI  0x15,1
                 ; 0000 0034     PORTB =b;
00006c d159      	RCALL SUBOPT_0x0
                 ; 0000 0035     delay_ms(5);
                 ; 0000 0036     E=0;
                 ; 0000 0037     delay_ms(5);
                 ; 0000 0038 }
00006d c0cb      	RJMP _0x2080001
                 ; .FEND
                 ;
                 ;void print_string(char *str)
                 ; 0000 003B {
                 _print_string:
                 ; .FSTART _print_string
                 ; 0000 003C      while(*str!='\0')
00006e d17e      	RCALL __SAVELOCR2
00006f 018d      	MOVW R16,R26
                 ;	*str -> R16,R17
                 _0xF:
000070 01d8      	MOVW R26,R16
000071 91ec      	LD   R30,X
000072 30e0      	CPI  R30,0
000073 f029      	BREQ _0x11
                 ; 0000 003D      {
                 ; 0000 003E       lcd_data(*str);
000074 91ac      	LD   R26,X
000075 dff3      	RCALL _lcd_data
                 ; 0000 003F       str++;
                +
000076 5f0f     +SUBI R16 , LOW ( - 1 )
000077 4f1f     +SBCI R17 , HIGH ( - 1 )
                 	__ADDWRN 16,17,1
                 ; 0000 0040      }
000078 cff7      	RJMP _0xF
                 _0x11:
                 ; 0000 0041 }
000079 9109      	LD   R16,Y+
00007a 9119      	LD   R17,Y+
00007b 9508      	RET
                 ; .FEND
                 ;
                 ;void init_LCD()
                 ; 0000 0044 {
                 _init_LCD:
                 ; .FSTART _init_LCD
                 ; 0000 0045 
                 ; 0000 0046   lcd_cmd(0x38);        //LCD initialization
00007c e3a8      	LDI  R26,LOW(56)
00007d dfe5      	RCALL _lcd_cmd
                 ; 0000 0047   lcd_cmd(0x0c);        //display on cursor off
00007e e0ac      	LDI  R26,LOW(12)
00007f dfe3      	RCALL _lcd_cmd
                 ; 0000 0048   lcd_cmd(0x01);        //clear display screen
000080 d150      	RCALL SUBOPT_0x2
                 ; 0000 0049   lcd_cmd(0x06);        //shift
000081 e0a6      	LDI  R26,LOW(6)
000082 dfe0      	RCALL _lcd_cmd
                 ; 0000 004A   lcd_cmd(0x02);        //return to home
000083 e0a2      	LDI  R26,LOW(2)
000084 dfde      	RCALL _lcd_cmd
                 ; 0000 004B }
000085 9508      	RET
                 ; .FEND
                 ;
                 ;void port_init()
                 ; 0000 004E {
                 _port_init:
                 ; .FSTART _port_init
                 ; 0000 004F     DDRB=0xFF;    //LCD
000086 efef      	LDI  R30,LOW(255)
000087 bbe7      	OUT  0x17,R30
                 ; 0000 0050     DDRC=0XFF;    //LCD
000088 bbe4      	OUT  0x14,R30
                 ; 0000 0051     DDRD=0x0F;    //Keypad ( upper nibble-in, lower nibble-out )
000089 e0ef      	LDI  R30,LOW(15)
00008a bbe1      	OUT  0x11,R30
                 ; 0000 0052 }
00008b 9508      	RET
                 ; .FEND
                 ;
                 ;/**************************** Keypad functions *****************************/
                 ;
                 ;char READ_SWITCHES(void)
                 ; 0000 0057 {
                 _READ_SWITCHES:
                 ; .FSTART _READ_SWITCHES
                 ; 0000 0058     RowA = 1; RowB = 0; RowC = 0; RowD = 0;     //Test Row A
00008c 9a90      	SBI  0x12,0
00008d 9891      	CBI  0x12,1
00008e 9892      	CBI  0x12,2
00008f 9893      	CBI  0x12,3
                 ; 0000 0059     if (Col1 == 1) { delay_ms(10); while (Col1==1); return '7'; }
000090 9b84      	SBIS 0x10,4
000091 c005      	RJMP _0x1A
000092 d140      	RCALL SUBOPT_0x3
                 _0x1B:
000093 9984      	SBIC 0x10,4
000094 cffe      	RJMP _0x1B
000095 e3e7      	LDI  R30,LOW(55)
000096 9508      	RET
                 ; 0000 005A     if (Col2 == 1) { delay_ms(10); while (Col2==1); return '8'; }
                 _0x1A:
000097 9b85      	SBIS 0x10,5
000098 c005      	RJMP _0x1E
000099 d139      	RCALL SUBOPT_0x3
                 _0x1F:
00009a 9985      	SBIC 0x10,5
00009b cffe      	RJMP _0x1F
00009c e3e8      	LDI  R30,LOW(56)
00009d 9508      	RET
                 ; 0000 005B     if (Col3 == 1) { delay_ms(10); while (Col3==1); return '9'; }
                 _0x1E:
00009e 9b86      	SBIS 0x10,6
00009f c005      	RJMP _0x22
0000a0 d132      	RCALL SUBOPT_0x3
                 _0x23:
0000a1 9986      	SBIC 0x10,6
0000a2 cffe      	RJMP _0x23
0000a3 e3e9      	LDI  R30,LOW(57)
0000a4 9508      	RET
                 ; 0000 005C     if (Col4 == 1) { delay_ms(10); while (Col4==1); return '/'; }
                 _0x22:
0000a5 9b87      	SBIS 0x10,7
0000a6 c005      	RJMP _0x26
0000a7 d12b      	RCALL SUBOPT_0x3
                 _0x27:
0000a8 9987      	SBIC 0x10,7
0000a9 cffe      	RJMP _0x27
0000aa e2ef      	LDI  R30,LOW(47)
0000ab 9508      	RET
                 ; 0000 005D 
                 ; 0000 005E     RowA = 0; RowB = 1; RowC = 0; RowD = 0;     //Test Row B
                 _0x26:
0000ac 9890      	CBI  0x12,0
0000ad 9a91      	SBI  0x12,1
0000ae 9892      	CBI  0x12,2
0000af 9893      	CBI  0x12,3
                 ; 0000 005F     if (Col1==1) { delay_ms(10); while (Col1==1); return '4'; }
0000b0 9b84      	SBIS 0x10,4
0000b1 c005      	RJMP _0x32
0000b2 d120      	RCALL SUBOPT_0x3
                 _0x33:
0000b3 9984      	SBIC 0x10,4
0000b4 cffe      	RJMP _0x33
0000b5 e3e4      	LDI  R30,LOW(52)
0000b6 9508      	RET
                 ; 0000 0060     if (Col2==1) { delay_ms(10); while (Col2==1); return '5'; }
                 _0x32:
0000b7 9b85      	SBIS 0x10,5
0000b8 c005      	RJMP _0x36
0000b9 d119      	RCALL SUBOPT_0x3
                 _0x37:
0000ba 9985      	SBIC 0x10,5
0000bb cffe      	RJMP _0x37
0000bc e3e5      	LDI  R30,LOW(53)
0000bd 9508      	RET
                 ; 0000 0061     if (Col3==1) { delay_ms(10); while (Col3==1); return '6'; }
                 _0x36:
0000be 9b86      	SBIS 0x10,6
0000bf c005      	RJMP _0x3A
0000c0 d112      	RCALL SUBOPT_0x3
                 _0x3B:
0000c1 9986      	SBIC 0x10,6
0000c2 cffe      	RJMP _0x3B
0000c3 e3e6      	LDI  R30,LOW(54)
0000c4 9508      	RET
                 ; 0000 0062     if (Col4==1) { delay_ms(10); while (Col4==1); return '*'; }
                 _0x3A:
0000c5 9b87      	SBIS 0x10,7
0000c6 c005      	RJMP _0x3E
0000c7 d10b      	RCALL SUBOPT_0x3
                 _0x3F:
0000c8 9987      	SBIC 0x10,7
0000c9 cffe      	RJMP _0x3F
0000ca e2ea      	LDI  R30,LOW(42)
0000cb 9508      	RET
                 ; 0000 0063 
                 ; 0000 0064     RowA = 0; RowB = 0; RowC = 1; RowD = 0;     //Test Row C
                 _0x3E:
0000cc 9890      	CBI  0x12,0
0000cd 9891      	CBI  0x12,1
0000ce 9a92      	SBI  0x12,2
0000cf 9893      	CBI  0x12,3
                 ; 0000 0065     if (Col1==1) { delay_ms(10); while (Col1==1); return '1'; }
0000d0 9b84      	SBIS 0x10,4
0000d1 c005      	RJMP _0x4A
0000d2 d100      	RCALL SUBOPT_0x3
                 _0x4B:
0000d3 9984      	SBIC 0x10,4
0000d4 cffe      	RJMP _0x4B
0000d5 e3e1      	LDI  R30,LOW(49)
0000d6 9508      	RET
                 ; 0000 0066     if (Col2==1) { delay_ms(10); while (Col2==1); return '2'; }
                 _0x4A:
0000d7 9b85      	SBIS 0x10,5
0000d8 c005      	RJMP _0x4E
0000d9 d0f9      	RCALL SUBOPT_0x3
                 _0x4F:
0000da 9985      	SBIC 0x10,5
0000db cffe      	RJMP _0x4F
0000dc e3e2      	LDI  R30,LOW(50)
0000dd 9508      	RET
                 ; 0000 0067     if (Col3==1) { delay_ms(10); while (Col3==1); return '3'; }
                 _0x4E:
0000de 9b86      	SBIS 0x10,6
0000df c005      	RJMP _0x52
0000e0 d0f2      	RCALL SUBOPT_0x3
                 _0x53:
0000e1 9986      	SBIC 0x10,6
0000e2 cffe      	RJMP _0x53
0000e3 e3e3      	LDI  R30,LOW(51)
0000e4 9508      	RET
                 ; 0000 0068     if (Col4==1) { delay_ms(10); while (Col4==1); return '-'; }
                 _0x52:
0000e5 9b87      	SBIS 0x10,7
0000e6 c005      	RJMP _0x56
0000e7 d0eb      	RCALL SUBOPT_0x3
                 _0x57:
0000e8 9987      	SBIC 0x10,7
0000e9 cffe      	RJMP _0x57
0000ea e2ed      	LDI  R30,LOW(45)
0000eb 9508      	RET
                 ; 0000 0069 
                 ; 0000 006A     RowA = 0; RowB = 0; RowC = 0; RowD = 1;     //Test Row D
                 _0x56:
0000ec 9890      	CBI  0x12,0
0000ed 9891      	CBI  0x12,1
0000ee 9892      	CBI  0x12,2
0000ef 9a93      	SBI  0x12,3
                 ; 0000 006B     if (Col1==1) { delay_ms(10); while (Col1==1); return 'C'; }
0000f0 9b84      	SBIS 0x10,4
0000f1 c005      	RJMP _0x62
0000f2 d0e0      	RCALL SUBOPT_0x3
                 _0x63:
0000f3 9984      	SBIC 0x10,4
0000f4 cffe      	RJMP _0x63
0000f5 e4e3      	LDI  R30,LOW(67)
0000f6 9508      	RET
                 ; 0000 006C     if (Col2==1) { delay_ms(10); while (Col2==1); return '0'; }
                 _0x62:
0000f7 9b85      	SBIS 0x10,5
0000f8 c005      	RJMP _0x66
0000f9 d0d9      	RCALL SUBOPT_0x3
                 _0x67:
0000fa 9985      	SBIC 0x10,5
0000fb cffe      	RJMP _0x67
0000fc e3e0      	LDI  R30,LOW(48)
0000fd 9508      	RET
                 ; 0000 006D     if (Col3==1) { delay_ms(10); while (Col3==1); return '='; }
                 _0x66:
0000fe 9b86      	SBIS 0x10,6
0000ff c005      	RJMP _0x6A
000100 d0d2      	RCALL SUBOPT_0x3
                 _0x6B:
000101 9986      	SBIC 0x10,6
000102 cffe      	RJMP _0x6B
000103 e3ed      	LDI  R30,LOW(61)
000104 9508      	RET
                 ; 0000 006E     if (Col4==1) { delay_ms(10); while (Col4==1); return '+'; }
                 _0x6A:
000105 9b87      	SBIS 0x10,7
000106 c005      	RJMP _0x6E
000107 d0cb      	RCALL SUBOPT_0x3
                 _0x6F:
000108 9987      	SBIC 0x10,7
000109 cffe      	RJMP _0x6F
00010a e2eb      	LDI  R30,LOW(43)
00010b 9508      	RET
                 ; 0000 006F 
                 ; 0000 0070     return 'n';               // Means no key has been pressed
                 _0x6E:
00010c e6ee      	LDI  R30,LOW(110)
00010d 9508      	RET
                 ; 0000 0071 }
                 ; .FEND
                 ;
                 ;
                 ;char get_key(void)           //get key from user
                 ; 0000 0075 {
                 _get_key:
                 ; .FSTART _get_key
                 ; 0000 0076     char key = 'n';              //assume no key pressed
                 ; 0000 0077 
                 ; 0000 0078     while(key=='n')              //wait untill a key is pressed
00010e 931a      	ST   -Y,R17
                 ;	key -> R17
00010f e61e      	LDI  R17,110
                 _0x72:
000110 361e      	CPI  R17,110
000111 f419      	BRNE _0x74
                 ; 0000 0079     {
                 ; 0000 007A       key = READ_SWITCHES();   //scan the keys again and again
000112 df79      	RCALL _READ_SWITCHES
000113 2f1e      	MOV  R17,R30
                 ; 0000 007B     }
000114 cffb      	RJMP _0x72
                 _0x74:
                 ; 0000 007C         lcd_data(key);
000115 2fa1      	MOV  R26,R17
000116 df52      	RCALL _lcd_data
                 ; 0000 007D         delay_ms(20);
000117 e1a4      	LDI  R26,LOW(20)
000118 e0b0      	LDI  R27,0
000119 d122      	RCALL _delay_ms
                 ; 0000 007E     return key;                  //when key pressed then return its value
00011a 2fe1      	MOV  R30,R17
00011b c01d      	RJMP _0x2080001
                 ; 0000 007F }
                 ; .FEND
                 ;
                 ;/**************************** Calculator related functions**************************/
                 ;
                 ;char IsOperator(char ch)
                 ; 0000 0084 {
                 _IsOperator:
                 ; .FSTART _IsOperator
                 ; 0000 0085   if(ch == '*' || ch=='+' || ch=='/' || ch=='-')
00011c d0b1      	RCALL SUBOPT_0x1
                 ;	ch -> R17
00011d 321a      	CPI  R17,42
00011e f031      	BREQ _0x76
00011f 321b      	CPI  R17,43
000120 f021      	BREQ _0x76
000121 321f      	CPI  R17,47
000122 f011      	BREQ _0x76
000123 321d      	CPI  R17,45
000124 f411      	BRNE _0x75
                 _0x76:
                 ; 0000 0086     return 1;
000125 e0e1      	LDI  R30,LOW(1)
000126 c012      	RJMP _0x2080001
                 ; 0000 0087   else
                 _0x75:
                 ; 0000 0088     return '\0';
000127 e0e0      	LDI  R30,LOW(0)
000128 c010      	RJMP _0x2080001
                 ; 0000 0089 }
                 ; .FEND
                 ;
                 ;char IsDigit(char ch)
                 ; 0000 008C {
                 _IsDigit:
                 ; .FSTART _IsDigit
                 ; 0000 008D   if(ch>=48 && ch<=57)
000129 d0a4      	RCALL SUBOPT_0x1
                 ;	ch -> R17
00012a 3310      	CPI  R17,48
00012b f010      	BRLO _0x7A
00012c 331a      	CPI  R17,58
00012d f008      	BRLO _0x7B
                 _0x7A:
00012e c002      	RJMP _0x79
                 _0x7B:
                 ; 0000 008E    return 1;
00012f e0e1      	LDI  R30,LOW(1)
000130 c008      	RJMP _0x2080001
                 ; 0000 008F   else
                 _0x79:
                 ; 0000 0090    return '\0';
000131 e0e0      	LDI  R30,LOW(0)
000132 c006      	RJMP _0x2080001
                 ; 0000 0091 }
                 ; .FEND
                 ;
                 ;char IsClear(char ch)
                 ; 0000 0094 {
                 _IsClear:
                 ; .FSTART _IsClear
                 ; 0000 0095   if(ch=='C')
000133 d09a      	RCALL SUBOPT_0x1
                 ;	ch -> R17
000134 3413      	CPI  R17,67
000135 f411      	BRNE _0x7D
                 ; 0000 0096    return 1;
000136 e0e1      	LDI  R30,LOW(1)
000137 c001      	RJMP _0x2080001
                 ; 0000 0097   else
                 _0x7D:
                 ; 0000 0098    return '\0';
000138 e0e0      	LDI  R30,LOW(0)
                 ; 0000 0099 }
                 _0x2080001:
000139 9119      	LD   R17,Y+
00013a 9508      	RET
                 ; .FEND
                 ;
                 ;void print_result(int res)
                 ; 0000 009C {
                 _print_result:
                 ; .FSTART _print_result
                 ; 0000 009D   char pos = 0xCF;
                 ; 0000 009E   lcd_cmd(pos);
00013b d0af      	RCALL __SAVELOCR4
00013c 019d      	MOVW R18,R26
                 ;	res -> R18,R19
                 ;	pos -> R17
00013d ec1f      	LDI  R17,207
00013e 2fa1      	MOV  R26,R17
00013f df23      	RCALL _lcd_cmd
                 ; 0000 009F    if(res==0)
000140 2e02      	MOV  R0,R18
000141 2a03      	OR   R0,R19
000142 f411      	BRNE _0x7F
                 ; 0000 00A0    {
                 ; 0000 00A1      lcd_data('0');
000143 e3a0      	LDI  R26,LOW(48)
000144 df24      	RCALL _lcd_data
                 ; 0000 00A2    }
                 ; 0000 00A3 
                 ; 0000 00A4    while(res!=0)
                 _0x7F:
                 _0x80:
000145 2e02      	MOV  R0,R18
000146 2a03      	OR   R0,R19
000147 f081      	BREQ _0x82
                 ; 0000 00A5    {
                 ; 0000 00A6      lcd_data(res%10 + '0');
000148 01d9      	MOVW R26,R18
000149 e0ea      	LDI  R30,LOW(10)
00014a e0f0      	LDI  R31,HIGH(10)
00014b d0d4      	RCALL __MODW21
00014c 5de0      	SUBI R30,-LOW(48)
00014d 2fae      	MOV  R26,R30
00014e df1a      	RCALL _lcd_data
                 ; 0000 00A7      pos = pos - 1;
00014f 5011      	SUBI R17,LOW(1)
                 ; 0000 00A8      res = res/10;
000150 01d9      	MOVW R26,R18
000151 e0ea      	LDI  R30,LOW(10)
000152 e0f0      	LDI  R31,HIGH(10)
000153 d0c7      	RCALL __DIVW21
000154 019f      	MOVW R18,R30
                 ; 0000 00A9      lcd_cmd(pos);
000155 2fa1      	MOV  R26,R17
000156 df0c      	RCALL _lcd_cmd
                 ; 0000 00AA    }
000157 cfed      	RJMP _0x80
                 _0x82:
                 ; 0000 00AB }
000158 d099      	RCALL __LOADLOCR4
000159 9624      	ADIW R28,4
00015a 9508      	RET
                 ; .FEND
                 ;
                 ;void Calculate(int op1, int op2, char Operation)
                 ; 0000 00AE {
                 _Calculate:
                 ; .FSTART _Calculate
                 ; 0000 00AF    int res=0;
                 ; 0000 00B0    if(Operation == '+')
00015b d08d      	RCALL __SAVELOCR6
00015c 2f3a      	MOV  R19,R26
                +
00015d 814e     +LDD R20 , Y + 6
00015e 815f     +LDD R21 , Y + 6 + 1
                 	__GETWRS 20,21,6
                 ;	op1 -> Y+8
                 ;	op2 -> R20,R21
                 ;	Operation -> R19
                 ;	res -> R16,R17
                +
00015f e000     +LDI R16 , LOW ( 0 )
000160 e010     +LDI R17 , HIGH ( 0 )
                 	__GETWRN 16,17,0
000161 323b      	CPI  R19,43
000162 f429      	BRNE _0x83
                 ; 0000 00B1     res = op1+op2;
000163 d072      	RCALL SUBOPT_0x4
000164 0fea      	ADD  R30,R26
000165 1ffb      	ADC  R31,R27
000166 018f      	MOVW R16,R30
                 ; 0000 00B2    else if(Operation == '-')
000167 c016      	RJMP _0x84
                 _0x83:
000168 323d      	CPI  R19,45
000169 f431      	BRNE _0x85
                 ; 0000 00B3     res = op1-op2;
00016a 85e8      	LDD  R30,Y+8
00016b 85f9      	LDD  R31,Y+8+1
00016c 1be4      	SUB  R30,R20
00016d 0bf5      	SBC  R31,R21
00016e 018f      	MOVW R16,R30
                 ; 0000 00B4    else if(Operation == '*')
00016f c00e      	RJMP _0x86
                 _0x85:
000170 323a      	CPI  R19,42
000171 f421      	BRNE _0x87
                 ; 0000 00B5     res = op1*op2;
000172 d063      	RCALL SUBOPT_0x4
000173 d08f      	RCALL __MULW12
000174 018f      	MOVW R16,R30
                 ; 0000 00B6    else if(Operation == '/')
000175 c008      	RJMP _0x88
                 _0x87:
000176 323f      	CPI  R19,47
000177 f421      	BRNE _0x89
                 ; 0000 00B7     res = op1/op2;
000178 d05d      	RCALL SUBOPT_0x4
000179 d0a1      	RCALL __DIVW21
00017a 018f      	MOVW R16,R30
                 ; 0000 00B8    else
00017b c002      	RJMP _0x8A
                 _0x89:
                 ; 0000 00B9    res=op1;
                +
00017c 8508     +LDD R16 , Y + 8
00017d 8519     +LDD R17 , Y + 8 + 1
                 	__GETWRS 16,17,8
                 ; 0000 00BA    print_result(res);
                 _0x8A:
                 _0x88:
                 _0x86:
                 _0x84:
00017e 01d8      	MOVW R26,R16
00017f dfbb      	RCALL _print_result
                 ; 0000 00BB }
000180 d06f      	RCALL __LOADLOCR6
000181 962a      	ADIW R28,10
000182 9508      	RET
                 ; .FEND
                 ;
                 ;/**************************** Main and other functions *****************************/
                 ;
                 ;void device_init()
                 ; 0000 00C0 {
                 _device_init:
                 ; .FSTART _device_init
                 ; 0000 00C1     port_init();
000183 df02      	RCALL _port_init
                 ; 0000 00C2     init_LCD();
000184 def7      	RCALL _init_LCD
                 ; 0000 00C3 }
000185 9508      	RET
                 ; .FEND
                 ;
                 ;void print_welcome_msg()
                 ; 0000 00C6 {
                 ; 0000 00C7     lcd_cmd(0x83);
                 ; 0000 00C8     print_string("WELCOME TO");
                 ; 0000 00C9     lcd_cmd(0xC5);
                 ; 0000 00CA     print_string("EMR CLUB");
                 ; 0000 00CB     delay_ms(20);
                 ; 0000 00CC }
                 
                 	.DSEG
                 _0x8B:
000160           	.BYTE 0x14
                 ;
                 ;
                 ;void main()
                 ; 0000 00D0 {
                 
                 	.CSEG
                 _main:
                 ; .FSTART _main
                 ; 0000 00D1     char flag_op = 0;
                 ; 0000 00D2     int op1=0, op2=0;
                 ; 0000 00D3     char Operator = 'n';
                 ; 0000 00D4 
                 ; 0000 00D5     device_init();
                 ;	flag_op -> R17
                 ;	op1 -> R18,R19
                 ;	op2 -> R20,R21
                 ;	Operator -> R16
000186 e010      	LDI  R17,0
000187 d052      	RCALL SUBOPT_0x5
000188 e60e      	LDI  R16,110
000189 dff9      	RCALL _device_init
                 ; 0000 00D6    // print_welcome_msg();
                 ; 0000 00D7     lcd_cmd(0x01);
00018a d046      	RCALL SUBOPT_0x2
                 ; 0000 00D8     lcd_cmd(0x80);
00018b e8a0      	LDI  R26,LOW(128)
00018c ded6      	RCALL _lcd_cmd
                 ; 0000 00D9   while(1)
                 _0x8C:
                 ; 0000 00DA   {
                 ; 0000 00DB      char ch = get_key();
                 ; 0000 00DC      if(IsDigit(ch))
00018d 9721      	SBIW R28,1
                 ;	ch -> Y+0
00018e df7f      	RCALL _get_key
00018f 83e8      	ST   Y,R30
000190 81a8      	LD   R26,Y
000191 df97      	RCALL _IsDigit
000192 30e0      	CPI  R30,0
000193 f051      	BREQ _0x8F
                 ; 0000 00DD     {
                 ; 0000 00DE         if(flag_op == 0)
000194 3010      	CPI  R17,0
000195 f421      	BRNE _0x90
                 ; 0000 00DF         {
                 ; 0000 00E0           op1 = 10*op1 + (ch - '0');
000196 01f9      	MOVW R30,R18
000197 d047      	RCALL SUBOPT_0x6
000198 019f      	MOVW R18,R30
                 ; 0000 00E1         }
                 ; 0000 00E2         else
000199 c003      	RJMP _0x91
                 _0x90:
                 ; 0000 00E3         {
                 ; 0000 00E4           op2 = 10*op2 + (ch - '0');
00019a 01fa      	MOVW R30,R20
00019b d043      	RCALL SUBOPT_0x6
00019c 01af      	MOVW R20,R30
                 ; 0000 00E5         }
                 _0x91:
                 ; 0000 00E6     }
                 ; 0000 00E7     else if(IsOperator(ch))
00019d c025      	RJMP _0x92
                 _0x8F:
00019e 81a8      	LD   R26,Y
00019f df7c      	RCALL _IsOperator
0001a0 30e0      	CPI  R30,0
0001a1 f069      	BREQ _0x93
                 ; 0000 00E8     {
                 ; 0000 00E9        if(flag_op==1){ lcd_cmd(0x01); lcd_cmd(0x80); print_string("Invalid Input");continue;}
0001a2 3011      	CPI  R17,1
0001a3 f441      	BRNE _0x94
0001a4 d02c      	RCALL SUBOPT_0x2
0001a5 e8a0      	LDI  R26,LOW(128)
0001a6 debc      	RCALL _lcd_cmd
                +
0001a7 e7a4     +LDI R26 , LOW ( _0x95 + ( 0 ) )
0001a8 e0b1     +LDI R27 , HIGH ( _0x95 + ( 0 ) )
                 	__POINTW2MN _0x95,0
0001a9 dec4      	RCALL _print_string
0001aa 9621      	ADIW R28,1
0001ab cfe1      	RJMP _0x8C
                 ; 0000 00EA 
                 ; 0000 00EB        Operator = ch;
                 _0x94:
0001ac 8108      	LDD  R16,Y+0
                 ; 0000 00EC        flag_op = 1;
0001ad e011      	LDI  R17,LOW(1)
                 ; 0000 00ED     }
                 ; 0000 00EE     else if(IsClear(ch))
0001ae c014      	RJMP _0x96
                 _0x93:
0001af 81a8      	LD   R26,Y
0001b0 df82      	RCALL _IsClear
0001b1 30e0      	CPI  R30,0
0001b2 f029      	BREQ _0x97
                 ; 0000 00EF     {
                 ; 0000 00F0       flag_op = 0;
0001b3 e010      	LDI  R17,LOW(0)
                 ; 0000 00F1       lcd_cmd(0x01);
0001b4 d01c      	RCALL SUBOPT_0x2
                 ; 0000 00F2       lcd_cmd(0x80);
0001b5 e8a0      	LDI  R26,LOW(128)
0001b6 deac      	RCALL _lcd_cmd
                 ; 0000 00F3       Operator = 'n';
0001b7 c00a      	RJMP _0x9B
                 ; 0000 00F4     }
                 ; 0000 00F5     else if(ch=='=')
                 _0x97:
0001b8 81a8      	LD   R26,Y
0001b9 33ad      	CPI  R26,LOW(0x3D)
0001ba f441      	BRNE _0x99
                 ; 0000 00F6     {
                 ; 0000 00F7       Calculate(op1, op2, Operator);
0001bb 933a      	ST   -Y,R19
0001bc 932a      	ST   -Y,R18
0001bd 935a      	ST   -Y,R21
0001be 934a      	ST   -Y,R20
0001bf 2fa0      	MOV  R26,R16
0001c0 df9a      	RCALL _Calculate
                 ; 0000 00F8 	  op1=0;
0001c1 d018      	RCALL SUBOPT_0x5
                 ; 0000 00F9 	  op2=0;
                 ; 0000 00FA 	  Operator='n';
                 _0x9B:
0001c2 e60e      	LDI  R16,LOW(110)
                 ; 0000 00FB     }
                 ; 0000 00FC  }
                 _0x99:
                 _0x96:
                 _0x92:
0001c3 9621      	ADIW R28,1
0001c4 cfc8      	RJMP _0x8C
                 ; 0000 00FD }
                 _0x9A:
0001c5 cfff      	RJMP _0x9A
                 ; .FEND
                 
                 	.DSEG
                 _0x95:
000174           	.BYTE 0xE
                 ;
                 ;
                 
                 	.CSEG
                 
                 	.CSEG
                 
                 	.DSEG
                 
                 	.CSEG
                 
                 	.CSEG
                 
                 	.CSEG
                 
                 	.DSEG
                 __seed_G101:
000182           	.BYTE 0x4
                 
                 	.CSEG
                 ;OPTIMIZER ADDED SUBROUTINE, CALLED 2 TIMES, CODE SIZE REDUCTION:5 WORDS
                 SUBOPT_0x0:
0001c6 bb18      	OUT  0x18,R17
0001c7 e0a5      	LDI  R26,LOW(5)
0001c8 e0b0      	LDI  R27,0
0001c9 d072      	RCALL _delay_ms
0001ca 98a8      	CBI  0x15,0
0001cb e0a5      	LDI  R26,LOW(5)
0001cc e0b0      	LDI  R27,0
0001cd c06e      	RJMP _delay_ms
                 
                 ;OPTIMIZER ADDED SUBROUTINE, CALLED 4 TIMES, CODE SIZE REDUCTION:1 WORDS
                 SUBOPT_0x1:
0001ce 931a      	ST   -Y,R17
0001cf 2f1a      	MOV  R17,R26
0001d0 9508      	RET
                 
                 ;OPTIMIZER ADDED SUBROUTINE, CALLED 4 TIMES, CODE SIZE REDUCTION:1 WORDS
                 SUBOPT_0x2:
0001d1 e0a1      	LDI  R26,LOW(1)
0001d2 ce90      	RJMP _lcd_cmd
                 
                 ;OPTIMIZER ADDED SUBROUTINE, CALLED 16 TIMES, CODE SIZE REDUCTION:28 WORDS
                 SUBOPT_0x3:
0001d3 e0aa      	LDI  R26,LOW(10)
0001d4 e0b0      	LDI  R27,0
0001d5 c066      	RJMP _delay_ms
                 
                 ;OPTIMIZER ADDED SUBROUTINE, CALLED 3 TIMES, CODE SIZE REDUCTION:2 WORDS
                 SUBOPT_0x4:
0001d6 01fa      	MOVW R30,R20
0001d7 85a8      	LDD  R26,Y+8
0001d8 85b9      	LDD  R27,Y+8+1
0001d9 9508      	RET
                 
                 ;OPTIMIZER ADDED SUBROUTINE, CALLED 2 TIMES, CODE SIZE REDUCTION:1 WORDS
                 SUBOPT_0x5:
                +
0001da e020     +LDI R18 , LOW ( 0 )
0001db e030     +LDI R19 , HIGH ( 0 )
                 	__GETWRN 18,19,0
                +
0001dc e040     +LDI R20 , LOW ( 0 )
0001dd e050     +LDI R21 , HIGH ( 0 )
                 	__GETWRN 20,21,0
0001de 9508      	RET
                 
                 ;OPTIMIZER ADDED SUBROUTINE, CALLED 2 TIMES, CODE SIZE REDUCTION:6 WORDS
                 SUBOPT_0x6:
0001df e0aa      	LDI  R26,LOW(10)
0001e0 e0b0      	LDI  R27,HIGH(10)
0001e1 d021      	RCALL __MULW12
0001e2 01df      	MOVW R26,R30
0001e3 81e8      	LD   R30,Y
0001e4 e0f0      	LDI  R31,0
0001e5 97f0      	SBIW R30,48
0001e6 0fea      	ADD  R30,R26
0001e7 1ffb      	ADC  R31,R27
0001e8 9508      	RET
                 
                 ;RUNTIME LIBRARY
                 
                 	.CSEG
                 __SAVELOCR6:
0001e9 935a      	ST   -Y,R21
                 __SAVELOCR5:
0001ea 934a      	ST   -Y,R20
                 __SAVELOCR4:
0001eb 933a      	ST   -Y,R19
                 __SAVELOCR3:
0001ec 932a      	ST   -Y,R18
                 __SAVELOCR2:
0001ed 931a      	ST   -Y,R17
0001ee 930a      	ST   -Y,R16
0001ef 9508      	RET
                 
                 __LOADLOCR6:
0001f0 815d      	LDD  R21,Y+5
                 __LOADLOCR5:
0001f1 814c      	LDD  R20,Y+4
                 __LOADLOCR4:
0001f2 813b      	LDD  R19,Y+3
                 __LOADLOCR3:
0001f3 812a      	LDD  R18,Y+2
                 __LOADLOCR2:
0001f4 8119      	LDD  R17,Y+1
0001f5 8108      	LD   R16,Y
0001f6 9508      	RET
                 
                 __ANEGW1:
0001f7 95f1      	NEG  R31
0001f8 95e1      	NEG  R30
0001f9 40f0      	SBCI R31,0
0001fa 9508      	RET
                 
                 __MULW12U:
0001fb 9ffa      	MUL  R31,R26
0001fc 2df0      	MOV  R31,R0
0001fd 9feb      	MUL  R30,R27
0001fe 0df0      	ADD  R31,R0
0001ff 9fea      	MUL  R30,R26
000200 2de0      	MOV  R30,R0
000201 0df1      	ADD  R31,R1
000202 9508      	RET
                 
                 __MULW12:
000203 d02a      	RCALL __CHKSIGNW
000204 dff6      	RCALL __MULW12U
000205 f40e      	BRTC __MULW121
000206 dff0      	RCALL __ANEGW1
                 __MULW121:
000207 9508      	RET
                 
                 __DIVW21U:
000208 2400      	CLR  R0
000209 2411      	CLR  R1
00020a e190      	LDI  R25,16
                 __DIVW21U1:
00020b 0faa      	LSL  R26
00020c 1fbb      	ROL  R27
00020d 1c00      	ROL  R0
00020e 1c11      	ROL  R1
00020f 1a0e      	SUB  R0,R30
000210 0a1f      	SBC  R1,R31
000211 f418      	BRCC __DIVW21U2
000212 0e0e      	ADD  R0,R30
000213 1e1f      	ADC  R1,R31
000214 c001      	RJMP __DIVW21U3
                 __DIVW21U2:
000215 60a1      	SBR  R26,1
                 __DIVW21U3:
000216 959a      	DEC  R25
000217 f799      	BRNE __DIVW21U1
000218 01fd      	MOVW R30,R26
000219 01d0      	MOVW R26,R0
00021a 9508      	RET
                 
                 __DIVW21:
00021b d012      	RCALL __CHKSIGNW
00021c dfeb      	RCALL __DIVW21U
00021d f40e      	BRTC __DIVW211
00021e dfd8      	RCALL __ANEGW1
                 __DIVW211:
00021f 9508      	RET
                 
                 __MODW21:
000220 94e8      	CLT
000221 ffb7      	SBRS R27,7
000222 c004      	RJMP __MODW211
000223 95b1      	NEG  R27
000224 95a1      	NEG  R26
000225 40b0      	SBCI R27,0
000226 9468      	SET
                 __MODW211:
000227 fdf7      	SBRC R31,7
000228 dfce      	RCALL __ANEGW1
000229 dfde      	RCALL __DIVW21U
00022a 01fd      	MOVW R30,R26
00022b f40e      	BRTC __MODW212
00022c dfca      	RCALL __ANEGW1
                 __MODW212:
00022d 9508      	RET
                 
                 __CHKSIGNW:
00022e 94e8      	CLT
00022f fff7      	SBRS R31,7
000230 c002      	RJMP __CHKSW1
000231 dfc5      	RCALL __ANEGW1
000232 9468      	SET
                 __CHKSW1:
000233 ffb7      	SBRS R27,7
000234 c006      	RJMP __CHKSW2
000235 95b1      	NEG  R27
000236 95a1      	NEG  R26
000237 40b0      	SBCI R27,0
000238 f800      	BLD  R0,0
000239 9403      	INC  R0
00023a fa00      	BST  R0,0
                 __CHKSW2:
00023b 9508      	RET
                 
                 _delay_ms:
00023c 9610      	adiw r26,0
00023d f039      	breq __delay_ms1
                 __delay_ms0:
00023e 95a8      	wdr
                +
00023f ea80     +LDI R24 , LOW ( 0xFA0 )
000240 e09f     +LDI R25 , HIGH ( 0xFA0 )
                +__DELAY_USW_LOOP :
000241 9701     +SBIW R24 , 1
000242 f7f1     +BRNE __DELAY_USW_LOOP
                 	__DELAY_USW 0xFA0
000243 9711      	sbiw r26,1
000244 f7c9      	brne __delay_ms0
                 __delay_ms1:
000245 9508      	ret
                 
                 ;END OF CODE MARKER
                 __END_OF_CODE:


RESOURCE USE INFORMATION
------------------------

Notice:
The register and instruction counts are symbol table hit counts,
and hence implicitly used resources are not counted, eg, the
'lpm' instruction without operands implicitly uses r0 and z,
none of which are counted.

x,y,z are separate entities in the symbol table and are
counted separately from r26..r31 here.

.dseg memory usage only counts static data declared with .byte

ATmega8 register use summary:
r0 :  19 r1 :   6 r2 :   0 r3 :   0 r4 :   0 r5 :   0 r6 :   0 r7 :   0 
r8 :   0 r9 :   0 r10:   0 r11:   0 r12:   0 r13:   0 r14:   0 r15:   0 
r16:  17 r17:  34 r18:  12 r19:  11 r20:   9 r21:   6 r22:   2 r23:   0 
r24:   9 r25:   5 r26:  53 r27:  19 r28:   6 r29:   1 r30:  79 r31:  20 
x  :   5 y  :  37 z  :   7 
Registers used: 20 out of 35 (57.1%)

ATmega8 instruction use summary:
.lds  :   0 .lds.l:   0 .sts  :   0 .sts.l:   0 adc   :   3 add   :   5 
adiw  :   5 and   :   0 andi  :   0 asr   :   0 bclr  :   0 bld   :   1 
brbc  :   0 brbs  :   0 brcc  :   1 brcs  :   0 break :   0 breq  :  10 
brge  :   0 brhc  :   0 brhs  :   0 brid  :   0 brie  :   0 brlo  :   2 
brlt  :   0 brmi  :   0 brne  :  17 brpl  :   0 brsh  :   0 brtc  :   3 
brts  :   0 brvc  :   0 brvs  :   0 bset  :   0 bst   :   1 cbi   :  14 
cbr   :   0 clc   :   0 clh   :   0 cli   :   1 cln   :   0 clr   :   4 
cls   :   0 clt   :   2 clv   :   0 clz   :   0 com   :   0 cp    :   0 
cpc   :   0 cpi   :  19 cpse  :   0 dec   :   2 des   :   0 eor   :   0 
fmul  :   0 fmuls :   0 fmulsu:   0 icall :   0 ijmp  :   0 in    :   0 
inc   :   1 ld    :  11 ldd   :  14 ldi   :  79 lds   :   0 lpm   :   7 
lsl   :   1 lsr   :   0 mov   :  14 movw  :  23 mul   :   3 muls  :   0 
mulsu :   0 neg   :   6 nop   :   0 or    :   2 ori   :   0 out   :  10 
pop   :   0 push  :   0 rcall :  79 ret   :  38 reti  :   0 rjmp  :  83 
rol   :   3 ror   :   0 sbc   :   2 sbci  :   4 sbi   :   7 sbic  :  16 
sbis  :  16 sbiw  :   7 sbr   :   1 sbrc  :   1 sbrs  :   3 sec   :   0 
seh   :   0 sei   :   0 sen   :   0 ser   :   0 ses   :   0 set   :   2 
sev   :   0 sez   :   0 sleep :   0 spm   :   0 st    :  17 std   :   0 
sts   :   0 sub   :   2 subi  :   3 swap  :   0 tst   :   0 wdr   :   1 

Instructions used: 46 out of 114 (40.4%)

ATmega8 memory use summary [bytes]:
Segment   Begin    End      Code   Data   Used    Size   Use%
---------------------------------------------------------------
[.cseg] 0x000000 0x00048c   1092     72   1164    8192  14.2%
[.dseg] 0x000060 0x000186      0     38     38    1024   3.7%
[.eseg] 0x000000 0x000000      0      0      0     512   0.0%

Assembly complete, 0 errors, 2 warnings
